// Jest Snapshot v1, https://goo.gl/fbAQLP

exports[`<Button> should render with text "click me" and an onClick handler 1`] = `
<div
  className="ButtonStyle__SolidBtnContainer-jyb3o2-2 fqPreK aries-solid-btn"
  disabled={false}
>
  <button
    className="ButtonStyle__Button-jyb3o2-0 ButtonStyle__SolidBtn-jyb3o2-1 iLyOhD solid-btn-content"
    disabled={false}
    onClick={[MockFunction]}
  >
    click me
  </button>
</div>
`;
