// Jest Snapshot v1, https://goo.gl/fbAQLP

exports[`<Button> should render with text "click me" and an onClick handler 1`] = `
<div
  className="ButtonStyle__SolidBtnContainer-gw4ytw-2 ggZAqT aries-solidbtn"
>
  <button
    className="ButtonStyle__Button-gw4ytw-0 ButtonStyle__SolidBtn-gw4ytw-1 vNFLe solidbtn-content"
    onClick={[MockFunction]}
  >
    click me
  </button>
</div>
`;
