// Jest Snapshot v1, https://goo.gl/fbAQLP

exports[`<NumberInput> should render with a label of Username 1`] = `
<div
  className="aries-textfield sc-bdVaJa ktXGUd"
>
  <input
    aria-label="Number"
    className="sc-htpNat evWPXU"
    onBlur={[Function]}
    onKeyDown={[Function]}
    type="number"
  />
  <label
    className="textfield-label sc-bwzfXH gtXjtR"
    data-testid="textfield-label"
  >
    Number
  </label>
</div>
`;
