// Jest Snapshot v1, https://goo.gl/fbAQLP

exports[`<SearchFilter> should render with an input with a button, and a list with an item 1`] = `
<div
  aria-expanded={false}
  aria-label="Search jobs, location, or company"
  className="aries-searchfilter SearchFilterStyle__SearchFilterContainer-b75szs-0 krQYSW"
  role="search"
>
  <div
    className="searchfilter-inputwrapper SearchFilterStyle__SearchFilterBar-b75szs-1 fkIJWd"
  >
    <input
      onChange={[MockFunction]}
      onFocus={[Function]}
      placeholder="Search jobs, location, or company"
      type="text"
    />
    <div
      className="aries-defaultbtn SearchFilterStyle__SearchFilterButton-b75szs-2 gluDQb ButtonStyle__DefaultBtnContainer-gw4ytw-2 jOFFLF"
    >
      <button
        className="ButtonStyle__Button-gw4ytw-0 defaultbtn-content ButtonStyle__DefaultBtn-gw4ytw-1 bJjOgz"
      >
        Search
      </button>
    </div>
  </div>
  <div
    aria-hidden={true}
    className="searchfilter-content SearchFilterStyle__SearchFilterBodyWrapper-b75szs-3 emnrvi"
    open={false}
    role="menuitem"
  >
    <div
      className="searchfilter-listitem SearchFilterStyle__SearchFilterListWrapper-b75szs-5 kLSFzP"
      role="list"
    >
      <label>
        Title
      </label>
      <ul>
        <li
          className="SearchFilterStyle__SearchFilterItemWrapper-b75szs-6 hyTowy"
          role="listitem"
        >
          Item
        </li>
      </ul>
    </div>
  </div>
</div>
`;
