// Jest Snapshot v1, https://goo.gl/fbAQLP

exports[`<SearchFilter> should render with an input with a button, and a list with an item 1`] = `
<div
  aria-expanded={false}
  aria-label="Search jobs, location, or company"
  className="SearchFilterStyle__SearchFilterContainer-sc-18veyec-0 bUBbHi aries-searchfilter"
  role="search"
>
  <div
    className="SearchFilterStyle__SearchFilterBar-sc-18veyec-1 eHOovt searchfilter-inputwrapper"
  >
    <input
      onChange={[MockFunction]}
      onFocus={[Function]}
      placeholder="Search jobs, location, or company"
      type="text"
    />
    <div
      className="ButtonStyle__SolidBtnContainer-gw4ytw-2 ggZAqT aries-solid-btn SearchFilterStyle__SearchFilterButton-sc-18veyec-2 dvMPkA"
    >
      <button
        className="ButtonStyle__Button-gw4ytw-0 ButtonStyle__SolidBtn-gw4ytw-1 iJVRTu solid-btn-content"
      >
        Search
      </button>
    </div>
  </div>
  <div
    aria-hidden={true}
    className="SearchFilterStyle__SearchFilterBodyWrapper-sc-18veyec-3 aDmLC searchfilter-content"
    open={false}
    role="menuitem"
  >
    <div
      className="SearchFilterStyle__SearchFilterListWrapper-sc-18veyec-5 jMzbtT searchfilter-listitem"
      role="list"
    >
      <label>
        Title
      </label>
      <ul>
        <li
          className="SearchFilterStyle__SearchFilterItemWrapper-sc-18veyec-6 fzkjMH"
          onClick={[Function]}
          role="listitem"
        >
          Item
        </li>
      </ul>
    </div>
  </div>
</div>
`;
