// Jest Snapshot v1, https://goo.gl/fbAQLP

exports[`Colors Greyscale 1`] = `
Object {
  "black": "#000000",
  "devilsgrey": "#666666",
  "grey": "#777777",
  "lightgrey": "#C6C6C6",
  "softgrey": "#F3F3F3",
  "white": "#FFFFFF",
}
`;

exports[`Colors PrimaryColor 1`] = `
Object {
  "glintsblue": "#0BAEEC",
  "glintsred": "#EC272B",
  "glintsyellow": "#FFF240",
}
`;

exports[`Colors SecondaryColor 1`] = `
Object {
  "actionblue": "#017EB7",
  "darkblue": "#132647",
  "darkgreen": "#008464",
  "green": "#93BD49",
  "magenta": "#FF00E5",
  "orange": "#F5A623",
  "violet": "#9013FE",
}
`;
