// Jest Snapshot v1, https://goo.gl/fbAQLP

exports[`<Tag> should render a label with the text "Glints Aries" 1`] = `
<div
  className="TagStyle__TagContainer-sc-66xi2f-1 jSyrlx aries-tag"
  role="presentation"
  tabIndex={0}
>
  <label
    className="TagStyle__TagContent-sc-66xi2f-0 geReKz tag-content"
    tabIndex={-1}
  >
    Glints Aries
  </label>
</div>
`;
