// Jest Snapshot v1, https://goo.gl/fbAQLP

exports[`<Textarea> should render with a label of Description 1`] = `
<div
  className="aries-textarea TextareaStyle__TextareaContainer-sc-1tpxnjf-0 ibcviz"
>
  <textarea
    aria-label="Description"
    className="TextareaStyle__TextareaInput-sc-1tpxnjf-2 eoqtZh"
    onBlur={[Function]}
    onChange={[Function]}
    rows={4}
    style={
      Object {
        "maxHeight": "310px",
      }
    }
  />
  <label
    className="TextareaStyle__TextareaLabel-sc-1tpxnjf-1 bDSHve"
    data-testid="textarea-label"
  >
    Description
  </label>
</div>
`;
