// Jest Snapshot v1, https://goo.gl/fbAQLP

exports[`<Dropdown/> render should match snapshot 1`] = `
<div
  aria-haspopup="true"
  aria-label="Career"
  className="aries-dropdown DropdownStyle__DropdownContainer-sc-76enys-1 cDtBDw"
  onBlur={[Function]}
  onClick={[Function]}
  onKeyDown={[Function]}
  onMouseEnter={[Function]}
  onMouseLeave={[Function]}
  role="menuitem"
  tabIndex={0}
>
  <div
    className="dropdown-contentwrapper DropdownStyle__DropdownWrapper-sc-76enys-0 bQEKLH"
    tabIndex={-1}
  >
    <div
      className="dropdown-content DropdownStyle__DropdownHeader-sc-76enys-2 doHIMz"
    >
      <span>
        Career
      </span>
      <span
        className="DropdownStyle__IconWrapper-sc-76enys-5 iscbft"
      >
        <svg
          className="IconStyle__VerticalCenteredSvg-sc-19ci3uf-0 dmBUgt"
          data-testid="icon-svg"
          fill="black"
          height="1em"
          viewBox="0 0 100 100"
          width="1em"
        >
          <polygon
            points="11.7984725 19 49.9935275 57.3950291 88.1885825 19 99.987055 30.7984725 49.9935275 80.792 0 30.7984725"
          />
        </svg>
      </span>
    </div>
    <ul
      aria-hidden={true}
      className="dropdown-listbox DropdownStyle__DropdownBody-sc-76enys-3 YJVKQ"
      onClick={[Function]}
      open={false}
      role="listbox"
    >
      <li
        className="active DropdownStyle__DropdownItemWrapper-sc-76enys-4 eNxfKa"
        data-value="Product Manager"
        onMouseDown={[Function]}
        onMouseEnter={[Function]}
        role="option"
        tabIndex={0}
      >
        Product Manager
      </li>
      <li
        className="DropdownStyle__DropdownItemWrapper-sc-76enys-4 eNxfKa"
        data-value="Software Engineer"
        onMouseDown={[Function]}
        onMouseEnter={[Function]}
        role="option"
        tabIndex={0}
      >
        Software Engineer
      </li>
    </ul>
  </div>
</div>
`;
