// Jest Snapshot v1, https://goo.gl/fbAQLP

exports[`<Checkbox> should render an input with id, value and onClick props and a label with the text Software Engineer 1`] = `
<DocumentFragment>
  <div
    aria-checked="false"
    aria-labelledby="software-engineer"
    class="CheckboxStyle__CheckboxContainer-sc-c3ckvs-0 eGVTqh aries-checkbox"
    data-border="false"
    role="checkbox"
    tabindex="0"
  >
    <input
      id="software-engineer"
      type="checkbox"
      value="Software Engineer"
    />
    <label
      for="software-engineer"
      tabindex="-1"
    >
      Software Engineer
    </label>
  </div>
</DocumentFragment>
`;
